 --------------------------
 Symbol          | Location
 ----------------+---------
 air             |   889
 airCheck        |   521
 and             |   7FA
 chose           |   7F3
 covers          |   7FF
 crushes         |   82E
 cuts            |   829
 decapitates     |   81D
 devil           |   893
 devilCheck      |   619
 disproves       |   806
 eats            |   810
 eight           |   1B8
 eleven          |   1BB
 elseif1         |   116
 elseif10        |   179
 elseif2         |   121
 elseif3         |   12C
 elseif4         |   137
 elseif5         |   142
 elseif6         |   14D
 elseif7         |   158
 elseif8         |   163
 elseif9         |   16E
 elseifA1        |   52E
 elseifA2        |   538
 elseifA3        |   542
 elseifA4        |   54F
 elseifA5        |   559
 elseifA6        |   563
 elseifA7        |   56D
 elseifA8        |   57A
 elseifA9        |   587
 elseifAT        |   594
 elseifF1        |   33B
 elseifF2        |   348
 elseifF3        |   355
 elseifF4        |   362
 elseifF5        |   36F
 elseifF6        |   37C
 elseifF7        |   386
 elseifF8        |   390
 elseifF9        |   39A
 elseifFI1       |   189
 elseifFI2       |   190
 elseifFT        |   3A4
 elseifG1        |   6A2
 elseifG2        |   6AC
 elseifG3        |   6B9
 elseifG4        |   6C6
 elseifG5        |   6D3
 elseifG6        |   6E0
 elseifG7        |   6EA
 elseifG8        |   6F4
 elseifG9        |   6FE
 elseifGT        |   708
 elseifH1        |   3B7
 elseifH2        |   3C4
 elseifH3        |   3CE
 elseifH4        |   3D8
 elseifH5        |   3E5
 elseifH6        |   3F2
 elseifH7        |   3FF
 elseifH8        |   40C
 elseifH9        |   416
 elseifHT        |   420
 elseifP1        |   246
 elseifP2        |   250
 elseifP3        |   25A
 elseifP4        |   264
 elseifP5        |   26E
 elseifP6        |   278
 elseifP7        |   285
 elseifP8        |   292
 elseifP9        |   29F
 elseifPT        |   2AC
 elseifR1        |   1C7
 elseifR2        |   1D4
 elseifR3        |   1E1
 elseifR4        |   1EE
 elseifR5        |   1FB
 elseifR6        |   208
 elseifR7        |   212
 elseifR8        |   21C
 elseifR9        |   226
 elseifRT        |   230
 elseifSC1       |   2BF
 elseifSC2       |   2CC
 elseifSC3       |   2D6
 elseifSC4       |   2E3
 elseifSC5       |   2F0
 elseifSC6       |   2FD
 elseifSC7       |   30A
 elseifSC8       |   314
 elseifSC9       |   31E
 elseifSCT       |   328
 elseifSP1       |   4AF
 elseifSP2       |   4BC
 elseifSP3       |   4C6
 elseifSP4       |   4D0
 elseifSP5       |   4DA
 elseifSP6       |   4E4
 elseifSP7       |   4F1
 elseifSP8       |   4FE
 elseifSP9       |   50B
 elseifSPT       |   518
 elseifWO1       |   433
 elseifWO2       |   440
 elseifWO3       |   44A
 elseifWO4       |   454
 elseifWO5       |   45E
 elseifWO6       |   46B
 elseifWO7       |   478
 elseifWO8       |   485
 elseifWO9       |   492
 elseifWOT       |   49C
 endifA          |   59C
 endifD          |   694
 endifD1         |   626
 endifD2         |   630
 endifD3         |   63D
 endifD4         |   64A
 endifD5         |   657
 endifD6         |   661
 endifD7         |   66B
 endifD8         |   675
 endifD9         |   67F
 endifDT         |   68C
 endifF          |   3AC
 endifFI         |   192
 endifG          |   710
 endifH          |   428
 endifP          |   2B4
 endifR          |   238
 endifSC         |   330
 endifSP         |   520
 endifWA         |   618
 endifWA1        |   5AA
 endifWA2        |   5B4
 endifWA3        |   5C1
 endifWA4        |   5CE
 endifWA5        |   5D8
 endifWA6        |   5E2
 endifWA7        |   5EC
 endifWA8        |   5F6
 endifWA9        |   603
 endifWAT        |   610
 endifWO         |   4A4
 endiftie        |   193
 fire            |   87D
 fireCheck       |   331
 five            |   1B5
 four            |   1B4
 gun             |   899
 gunCheck        |   695
 human           |   877
 humanCheck      |   3AD
 if1             |   10B
 inputPromptText |   737
 loop            |   100
 newLine         |   85A
 nine            |   1B9
 one             |   1B1
 p1Choice        |   1AB
 p1Score         |   1AD
 p1Win           |   1AF
 p2Choice        |   1AC
 p2Score         |   1AE
 paper           |   863
 paperCheck      |   239
 playAgain       |   7D7
 player1         |   89D
 player2         |   8A5
 poisons         |   836
 resume          |   180
 rock            |   85E
 rockCheck       |   1BD
 scissors        |   869
 scissorsCheck   |   2B5
 score           |   854
 seven           |   1B7
 shift           |   1BC
 six             |   1B6
 smashes         |   815
 space           |   85C
 sponge          |   882
 spongeCheck     |   4A5
 ten             |   1BA
 then1           |   10F
 then10          |   172
 then2           |   11A
 then3           |   125
 then4           |   130
 then5           |   13B
 then6           |   146
 then7           |   151
 then8           |   15C
 then9           |   167
 thenA1          |   525
 thenA10         |   58B
 thenA2          |   532
 thenA3          |   53C
 thenA4          |   546
 thenA5          |   553
 thenA6          |   55D
 thenA7          |   567
 thenA8          |   571
 thenA9          |   57E
 thenD1          |   61D
 thenD10         |   683
 thenD2          |   62A
 thenD3          |   634
 thenD4          |   641
 thenD5          |   64E
 thenD6          |   65B
 thenD7          |   665
 thenD8          |   66F
 thenD9          |   679
 thenF1          |   335
 thenF10         |   39E
 thenF2          |   33F
 thenF3          |   34C
 thenF4          |   359
 thenF5          |   366
 thenF6          |   373
 thenF7          |   380
 thenF8          |   38A
 thenF9          |   394
 thenFI          |   184
 thenG1          |   699
 thenG10         |   702
 thenG2          |   6A6
 thenG3          |   6B0
 thenG4          |   6BD
 thenG5          |   6CA
 thenG6          |   6D7
 thenG7          |   6E4
 thenG8          |   6EE
 thenG9          |   6F8
 thenH1          |   3B1
 thenH10         |   41A
 thenH2          |   3BB
 thenH3          |   3C8
 thenH4          |   3D2
 thenH5          |   3DC
 thenH6          |   3E9
 thenH7          |   3F6
 thenH8          |   403
 thenH9          |   410
 thenP1          |   23D
 thenP10         |   2A3
 thenP2          |   24A
 thenP3          |   254
 thenP4          |   25E
 thenP5          |   268
 thenP6          |   272
 thenP7          |   27C
 thenP8          |   289
 thenP9          |   296
 thenR1          |   1C1
 thenR10         |   22A
 thenR2          |   1CB
 thenR3          |   1D8
 thenR4          |   1E5
 thenR5          |   1F2
 thenR6          |   1FF
 thenR7          |   20C
 thenR8          |   216
 thenR9          |   220
 thenSC1         |   2B9
 thenSC10        |   322
 thenSC2         |   2C3
 thenSC3         |   2D0
 thenSC4         |   2DA
 thenSC5         |   2E7
 thenSC6         |   2F4
 thenSC7         |   301
 thenSC8         |   30E
 thenSC9         |   318
 thenSP1         |   4A9
 thenSP10        |   50F
 thenSP2         |   4B3
 thenSP3         |   4C0
 thenSP4         |   4CA
 thenSP5         |   4D4
 thenSP6         |   4DE
 thenSP7         |   4E8
 thenSP8         |   4F5
 thenSP9         |   502
 thenWA1         |   5A1
 thenWA10        |   607
 thenWA2         |   5AE
 thenWA3         |   5B8
 thenWA4         |   5C5
 thenWA5         |   5D2
 thenWA6         |   5DC
 thenWA7         |   5E6
 thenWA8         |   5F0
 thenWA9         |   5FA
 thenWO1         |   42D
 thenWO10        |   496
 thenWO2         |   437
 thenWO3         |   444
 thenWO4         |   44E
 thenWO5         |   458
 thenWO6         |   462
 thenWO7         |   46F
 thenWO8         |   47C
 thenWO9         |   489
 three           |   1B3
 tie             |   84F
 title           |   711
 two             |   1B2
 vaporizes       |   83E
 water           |   88D
 waterCheck      |   59D
 wins            |   848
 wolf            |   872
 wolfCheck       |   429
 zero            |   1B0
